// Jest Snapshot v1, https://goo.gl/fbAQLP

exports[`SampleComponent Example test 1`] = `
<div class="example sb-unstyled">
  <input class="SampleComponent"
         data-testid="SampleComponent"
         value="test"
  >
</div>
<div class="propsTable sb-unstyled">
  <table aria-hidden="false">
    <thead>
      <tr>
        <th>
          Prop
        </th>
        <th>
          Type
        </th>
        <th>
          Value
        </th>
      </tr>
    </thead>
    <tbody>
      <tr>
        <td>
          className
          <span class="requiredProp">
            *
          </span>
        </td>
        <td>
          <code>
            string
          </code>
        </td>
        <td>
          <div class="Source sb-unstyled ">
            <pre class="prismjs">
              <code class="language-jsx"
                    style="white-space: pre;"
              >
                <span class="token string">
                  "SampleComponent"
                </span>
              </code>
            </pre>
            <button>
              Copy
            </button>
          </div>
        </td>
      </tr>
      <tr>
        <td>
          onChange
        </td>
        <td>
          <code>
            function
          </code>
        </td>
        <td>
          <div class="Source sb-unstyled ">
            <pre class="prismjs">
              <code class="language-jsx"
                    style="white-space: pre;"
              >
                <span class="token keyword">
                  function
                </span>
                <span class>
                </span>
                <span class="token function">
                  onChange
                </span>
                <span class="token punctuation">
                  (
                </span>
                <span class="token parameter">
                  event
                </span>
                <span class="token punctuation">
                  )
                </span>
                <span class>
                </span>
                <span class="token punctuation">
                  {
                </span>
                <span class>
                </span>
                <span class>
                </span>
                <span class="token keyword">
                  return
                </span>
                <span class>
                </span>
                <span class="token function">
                  setValue
                </span>
                <span class="token punctuation">
                  (
                </span>
                <span class>
                  event
                </span>
                <span class="token punctuation">
                  .
                </span>
                <span class>
                  target
                </span>
                <span class="token punctuation">
                  .
                </span>
                <span class>
                  value
                </span>
                <span class="token punctuation">
                  )
                </span>
                <span class>
                </span>
                <span class>
                </span>
                <span class="token punctuation">
                  }
                </span>
              </code>
            </pre>
            <button>
              Copy
            </button>
          </div>
        </td>
      </tr>
      <tr>
        <td>
          value
        </td>
        <td>
          <code>
            string
          </code>
        </td>
        <td>
          <div class="Source sb-unstyled ">
            <pre class="prismjs">
              <code class="language-jsx"
                    style="white-space: pre;"
              >
                <span class="token string">
                  "test"
                </span>
              </code>
            </pre>
            <button>
              Copy
            </button>
          </div>
        </td>
      </tr>
    </tbody>
  </table>
</div>
`;

exports[`SampleComponent Implementation test 1`] = `
<div class="Source sb-unstyled ">
  <pre class="prismjs">
    <code class="language-jsx"
          style="white-space: pre;"
    >
      <span class="token keyword">
        import
      </span>
      <span class>
        React
      </span>
      <span class="token keyword">
        from
      </span>
      <span class>
      </span>
      <span class="token string">
        "react"
      </span>
      <span class="token punctuation">
        ;
      </span>
      <span class>
      </span>
      <span class>
      </span>
      <span class="token keyword">
        import
      </span>
      <span class>
        SampleComponent
      </span>
      <span class="token keyword">
        from
      </span>
      <span class>
      </span>
      <span class="token string">
        "template-esm-react/SampleComponent.mjs"
      </span>
      <span class="token punctuation">
        ;
      </span>
      <span class>
      </span>
      <span class>
      </span>
      <span class="token keyword">
        const
      </span>
      <span class>
      </span>
      <span class="token function-variable function">
        SampleComponentExample
      </span>
      <span class>
      </span>
      <span class="token operator">
        =
      </span>
      <span class>
      </span>
      <span class="token punctuation">
        (
      </span>
      <span class="token punctuation">
        )
      </span>
      <span class>
      </span>
      <span class="token operator">
        =&gt;
      </span>
      <span class>
      </span>
      <span class="token punctuation">
        {
      </span>
      <span class>
      </span>
      <span class>
      </span>
      <span class="token keyword">
        const
      </span>
      <span class>
      </span>
      <span class="token punctuation">
        [
      </span>
      <span class>
        value
      </span>
      <span class="token punctuation">
        ,
      </span>
      <span class>
        setValue
      </span>
      <span class="token punctuation">
        ]
      </span>
      <span class>
      </span>
      <span class="token operator">
        =
      </span>
      <span class>
        React
      </span>
      <span class="token punctuation">
        .
      </span>
      <span class="token function">
        useState
      </span>
      <span class="token punctuation">
        (
      </span>
      <span class="token string">
        ""
      </span>
      <span class="token punctuation">
        )
      </span>
      <span class="token punctuation">
        ;
      </span>
      <span class>
      </span>
      <span class>
      </span>
      <span class="token keyword">
        return
      </span>
      <span class>
      </span>
      <span class="token punctuation">
        (
      </span>
      <span class>
      </span>
      <span class>
      </span>
      <span class="token tag punctuation">
        &lt;
      </span>
      <span class="token tag class-name">
        SampleComponent
      </span>
      <span class="token tag">
      </span>
      <span class="token tag">
      </span>
      <span class="token tag attr-name">
        onChange
      </span>
      <span class="token tag script language-javascript script-punctuation punctuation">
        =
      </span>
      <span class="token tag script language-javascript punctuation">
        {
      </span>
      <span class="token tag script language-javascript punctuation">
        (
      </span>
      <span class="token tag script language-javascript parameter">
        event
      </span>
      <span class="token tag script language-javascript punctuation">
        )
      </span>
      <span class="token tag script language-javascript">
      </span>
      <span class="token tag script language-javascript operator">
        =&gt;
      </span>
      <span class="token tag script language-javascript">
      </span>
      <span class="token tag script language-javascript function">
        setValue
      </span>
      <span class="token tag script language-javascript punctuation">
        (
      </span>
      <span class="token tag script language-javascript">
        event
      </span>
      <span class="token tag script language-javascript punctuation">
        .
      </span>
      <span class="token tag script language-javascript">
        target
      </span>
      <span class="token tag script language-javascript punctuation">
        .
      </span>
      <span class="token tag script language-javascript">
        value
      </span>
      <span class="token tag script language-javascript punctuation">
        )
      </span>
      <span class="token tag script language-javascript punctuation">
        }
      </span>
      <span class="token tag">
      </span>
      <span class="token tag">
      </span>
      <span class="token tag attr-name">
        className
      </span>
      <span class="token tag attr-value punctuation attr-equals">
        =
      </span>
      <span class="token tag attr-value punctuation">
        "
      </span>
      <span class="token tag attr-value">
        SampleComponent
      </span>
      <span class="token tag attr-value punctuation">
        "
      </span>
      <span class="token tag">
      </span>
      <span class="token tag">
      </span>
      <span class="token tag attr-name">
        value
      </span>
      <span class="token tag script language-javascript script-punctuation punctuation">
        =
      </span>
      <span class="token tag script language-javascript punctuation">
        {
      </span>
      <span class="token tag script language-javascript">
        value
      </span>
      <span class="token tag script language-javascript punctuation">
        }
      </span>
      <span class="token tag">
      </span>
      <span class="token tag">
      </span>
      <span class="token tag punctuation">
        /&gt;
      </span>
      <span class>
      </span>
      <span class>
      </span>
      <span class="token punctuation">
        )
      </span>
      <span class="token punctuation">
        ;
      </span>
      <span class>
      </span>
      <span class>
      </span>
      <span class="token punctuation">
        }
      </span>
      <span class="token punctuation">
        ;
      </span>
      <span class>
      </span>
      <span class>
      </span>
      <span class="token keyword">
        export
      </span>
      <span class>
      </span>
      <span class="token keyword">
        default
      </span>
      <span class>
        SampleComponentExample
      </span>
      <span class="token punctuation">
        ;
      </span>
    </code>
  </pre>
  <button>
    Copy
  </button>
</div>
`;
